[      37ms] [ERROR] Failed to load resource: the server responded with a status of 404 () @ http://localhost:8080/CampusHub/images/default-avatar.png:0
[      37ms] [ERROR] Failed to load resource: the server responded with a status of 404 () @ http://localhost:8080/CampusHub/images/avatar1.png:0
[      38ms] [ERROR] Failed to load resource: the server responded with a status of 404 () @ http://localhost:8080/CampusHub/images/avatar3.png:0
[      38ms] [ERROR] Failed to load resource: the server responded with a status of 404 () @ http://localhost:8080/CampusHub/images/avatar2.png:0
[     140ms] [ERROR] Failed to load resource: the server responded with a status of 404 () @ http://localhost:8080/CampusHub/images/post-food1.jpg:0
[     140ms] [ERROR] Failed to load resource: the server responded with a status of 404 () @ http://localhost:8080/CampusHub/images/post-book.jpg:0
[     140ms] [ERROR] Failed to load resource: the server responded with a status of 404 () @ http://localhost:8080/CampusHub/images/post-food2.jpg:0
[   44137ms] [ERROR] Failed to load resource: the server responded with a status of 404 () @ http://localhost:8080/CampusHub/images/avatar3.png:0
[   44137ms] [ERROR] Failed to load resource: the server responded with a status of 404 () @ http://localhost:8080/CampusHub/images/avatar2.png:0
[   44141ms] [ERROR] Failed to load resource: the server responded with a status of 404 () @ http://localhost:8080/CampusHub/images/goods-earphone.jpg:0
[   44141ms] [ERROR] Failed to load resource: the server responded with a status of 404 () @ http://localhost:8080/CampusHub/images/goods-book.jpg:0
[  104065ms] [ERROR] Failed to load resource: the server responded with a status of 404 () @ http://localhost:8080/CampusHub/images/avatar2.png:0
[  104068ms] [ERROR] Failed to load resource: the server responded with a status of 404 () @ http://localhost:8080/CampusHub/images/goods-earphone.jpg:0
[  134241ms] [ERROR] Failed to load resource: the server responded with a status of 404 () @ http://localhost:8080/CampusHub/images/avatar1.png:0
[  134241ms] [ERROR] Failed to load resource: the server responded with a status of 404 () @ http://localhost:8080/CampusHub/images/default-avatar.png:0
[  134241ms] [ERROR] Failed to load resource: the server responded with a status of 404 () @ http://localhost:8080/CampusHub/images/avatar2.png:0
[  134247ms] [ERROR] Failed to load resource: the server responded with a status of 404 () @ http://localhost:8080/CampusHub/images/avatar3.png:0
[  134254ms] [ERROR] Failed to load resource: the server responded with a status of 404 () @ http://localhost:8080/CampusHub/images/post-food2.jpg:0
[  134254ms] [ERROR] Failed to load resource: the server responded with a status of 404 () @ http://localhost:8080/CampusHub/images/post-food1.jpg:0
[  134254ms] [ERROR] Failed to load resource: the server responded with a status of 404 () @ http://localhost:8080/CampusHub/images/post-book.jpg:0
[  134292ms] [ERROR] Failed to load resource: the server responded with a status of 404 () @ http://localhost:8080/CampusHub/images/avatar2.png:0
[  134303ms] [ERROR] Failed to load resource: the server responded with a status of 404 () @ http://localhost:8080/CampusHub/images/goods-earphone.jpg:0
[  179313ms] [ERROR] Failed to load resource: the server responded with a status of 404 () @ http://localhost:8080/CampusHub/images/avatar2.png:0
[  179316ms] [ERROR] Failed to load resource: the server responded with a status of 404 () @ http://localhost:8080/CampusHub/images/goods-earphone.jpg:0
[  244964ms] [ERROR] Failed to load resource: the server responded with a status of 404 () @ http://localhost:8080/CampusHub/images/avatar2.png:0
[  244974ms] [ERROR] Failed to load resource: the server responded with a status of 404 () @ http://localhost:8080/CampusHub/images/goods-earphone.jpg:0
